// Jest Snapshot v1, https://goo.gl/fbAQLP

exports[`storybook snapshots EventMarkets: Default 1`] = `
<div>
  <div
    class="text-card-foreground flex flex-col gap-6 rounded-xl border py-6 shadow-sm border-border/60 bg-black/40"
    data-slot="card"
  >
    <div
      class="@container/card-header grid auto-rows-min grid-rows-[auto_auto] items-start gap-2 px-6 has-data-[slot=card-action]:grid-cols-[1fr_auto] [.border-b]:pb-6 pb-2"
      data-slot="card-header"
    >
      <div
        class="flex items-center justify-between"
      >
        <div
          class="text-sm font-medium text-muted-foreground"
          data-slot="card-title"
        >
          Chance
        </div>
        <div
          class="flex gap-4 text-xs text-muted-foreground"
        >
          <span>
            ↕
          </span>
          <span>
            ⊕
          </span>
        </div>
      </div>
    </div>
    <div
      class="px-6 space-y-1.5 pt-0"
      data-slot="card-content"
    >
      <div
        class="flex items-center justify-between gap-2 rounded-lg border px-3 py-2 border-emerald-500/60 bg-emerald-500/10"
      >
        <div
          class="flex items-center gap-3 min-w-0 flex-1"
        >
          <a
            class="font-medium text-foreground hover:text-emerald-300 truncate"
            href="/market/KXTEST-A"
          >
            Team A
          </a>
          <span
            class="font-mono text-lg font-semibold text-white"
          >
            50%
          </span>
        </div>
        <div
          class="flex items-center gap-2 shrink-0"
        >
          <a
            class="flex items-center gap-1.5 rounded bg-emerald-600/90 px-3 py-1.5 transition hover:bg-emerald-600"
            href="/market/KXTEST-A"
          >
            <span
              class="text-xs font-medium text-emerald-100"
            >
              Yes
            </span>
            <span
              class="font-mono text-sm font-semibold text-white"
            >
              55¢
            </span>
          </a>
          <a
            class="flex items-center gap-1.5 rounded bg-rose-600/90 px-3 py-1.5 transition hover:bg-rose-600"
            href="/market/KXTEST-A"
          >
            <span
              class="text-xs font-medium text-rose-100"
            >
              No
            </span>
            <span
              class="font-mono text-sm font-semibold text-white"
            >
              55¢
            </span>
          </a>
        </div>
      </div>
      <div
        class="flex items-center justify-between gap-2 rounded-lg border px-3 py-2 border-border/20 bg-black/20"
      >
        <div
          class="flex items-center gap-3 min-w-0 flex-1"
        >
          <a
            class="font-medium text-foreground hover:text-emerald-300 truncate"
            href="/market/KXTEST-B"
          >
            Team B
          </a>
          <span
            class="font-mono text-lg font-semibold text-white"
          >
            50%
          </span>
          <span
            class="shrink-0 rounded bg-yellow-500/20 px-1.5 py-0.5 text-[10px] text-yellow-400"
          >
            Wide spread
          </span>
        </div>
        <div
          class="flex items-center gap-2 shrink-0"
        >
          <a
            class="flex items-center gap-1.5 rounded bg-emerald-600/90 px-3 py-1.5 transition hover:bg-emerald-600"
            href="/market/KXTEST-B"
          >
            <span
              class="text-xs font-medium text-emerald-100"
            >
              Yes
            </span>
            <span
              class="font-mono text-sm font-semibold text-white"
            >
              65¢
            </span>
          </a>
          <a
            class="flex items-center gap-1.5 rounded bg-rose-600/90 px-3 py-1.5 transition hover:bg-rose-600"
            href="/market/KXTEST-B"
          >
            <span
              class="text-xs font-medium text-rose-100"
            >
              No
            </span>
            <span
              class="font-mono text-sm font-semibold text-white"
            >
              65¢
            </span>
          </a>
        </div>
      </div>
      <div
        class="flex items-center justify-between gap-2 rounded-lg border px-3 py-2 border-border/20 bg-black/20"
      >
        <div
          class="flex items-center gap-3 min-w-0 flex-1"
        >
          <a
            class="font-medium text-foreground hover:text-emerald-300 truncate"
            href="/market/KXTEST-C"
          >
            Team C
          </a>
          <span
            class="font-mono text-lg font-semibold text-white"
          >
            50%
          </span>
          <span
            class="shrink-0 rounded bg-yellow-500/20 px-1.5 py-0.5 text-[10px] text-yellow-400"
          >
            Wide spread
          </span>
        </div>
        <div
          class="flex items-center gap-2 shrink-0"
        >
          <a
            class="flex items-center gap-1.5 rounded bg-emerald-600/90 px-3 py-1.5 transition hover:bg-emerald-600"
            href="/market/KXTEST-C"
          >
            <span
              class="text-xs font-medium text-emerald-100"
            >
              Yes
            </span>
            <span
              class="font-mono text-sm font-semibold text-white"
            >
              90¢
            </span>
          </a>
          <a
            class="flex items-center gap-1.5 rounded bg-rose-600/90 px-3 py-1.5 transition hover:bg-rose-600"
            href="/market/KXTEST-C"
          >
            <span
              class="text-xs font-medium text-rose-100"
            >
              No
            </span>
            <span
              class="font-mono text-sm font-semibold text-white"
            >
              90¢
            </span>
          </a>
        </div>
      </div>
    </div>
  </div>
</div>
`;

exports[`storybook snapshots MarketStats: Default 1`] = `
<div>
  <div
    class="text-card-foreground flex flex-col gap-6 rounded-xl border py-6 shadow-sm border-border/60 bg-black/40"
    data-slot="card"
  >
    <div
      class="px-6 py-6"
      data-slot="card-content"
    >
      <div
        class="grid gap-6 sm:grid-cols-4"
      >
        <div
          class="space-y-1"
        >
          <p
            class="text-xs uppercase tracking-[0.2em] text-muted-foreground"
          >
            Yes Price
          </p>
          <p
            class="font-mono text-2xl font-semibold text-foreground"
          >
            55¢
          </p>
          <p
            class="text-xs text-muted-foreground"
          >
            Buy 55¢ · Sell 45¢
          </p>
        </div>
        <div
          class="space-y-1"
        >
          <p
            class="text-xs uppercase tracking-[0.2em] text-muted-foreground"
          >
            No Price
          </p>
          <p
            class="font-mono text-2xl font-semibold text-foreground"
          >
            55¢
          </p>
          <p
            class="text-xs text-muted-foreground"
          >
            Buy 55¢ · Sell 45¢
          </p>
        </div>
        <div
          class="space-y-1"
        >
          <p
            class="text-xs uppercase tracking-[0.2em] text-muted-foreground"
          >
            24h Volume
          </p>
          <p
            class="font-mono text-2xl font-semibold text-foreground"
          >
            12.3K
          </p>
        </div>
        <div
          class="space-y-1"
        >
          <p
            class="text-xs uppercase tracking-[0.2em] text-muted-foreground"
          >
            Open Interest
          </p>
          <p
            class="font-mono text-2xl font-semibold text-foreground"
          >
            53.2K
          </p>
        </div>
      </div>
    </div>
  </div>
</div>
`;

exports[`storybook snapshots MarketTicket: Default 1`] = `
<div>
  <div
    class="rounded-xl border border-border/60 bg-black/40 p-4"
  >
    <div
      class="flex items-center gap-2 rounded-full bg-black/40 p-1"
    >
      <button
        class="flex-1 rounded-full px-3 py-1.5 text-xs font-semibold uppercase tracking-wide bg-emerald-500/20 text-emerald-200"
        type="button"
      >
        Buy
      </button>
      <button
        class="flex-1 rounded-full px-3 py-1.5 text-xs font-semibold uppercase tracking-wide text-muted-foreground"
        type="button"
      >
        Sell
      </button>
    </div>
    <div
      class="mt-4 grid grid-cols-2 gap-2"
    >
      <button
        class="inline-flex items-center gap-2 whitespace-nowrap font-medium transition-all disabled:pointer-events-none disabled:opacity-50 [&_svg]:pointer-events-none [&_svg:not([class*='size-'])]:size-4 shrink-0 [&_svg]:shrink-0 outline-none focus-visible:border-ring focus-visible:ring-ring/50 focus-visible:ring-[3px] aria-invalid:ring-destructive/20 dark:aria-invalid:ring-destructive/40 aria-invalid:border-destructive hover:bg-secondary/80 h-9 has-[>svg]:px-3 justify-between rounded-full px-4 py-3 text-sm bg-emerald-600/90 text-white"
        data-size="default"
        data-slot="button"
        data-variant="secondary"
        type="button"
      >
        <span>
          Yes
        </span>
        <span
          class="font-mono"
        >
          54¢
        </span>
      </button>
      <button
        class="inline-flex items-center gap-2 whitespace-nowrap font-medium transition-all disabled:pointer-events-none disabled:opacity-50 [&_svg]:pointer-events-none [&_svg:not([class*='size-'])]:size-4 shrink-0 [&_svg]:shrink-0 outline-none focus-visible:border-ring focus-visible:ring-ring/50 focus-visible:ring-[3px] aria-invalid:ring-destructive/20 dark:aria-invalid:ring-destructive/40 aria-invalid:border-destructive hover:bg-secondary/80 h-9 has-[>svg]:px-3 justify-between rounded-full px-4 py-3 text-sm bg-black/40 text-muted-foreground"
        data-size="default"
        data-slot="button"
        data-variant="secondary"
        type="button"
      >
        <span>
          No
        </span>
        <span
          class="font-mono"
        >
          54¢
        </span>
      </button>
    </div>
    <div
      class="mt-4 space-y-2 text-xs text-muted-foreground"
    >
      <div
        class="flex items-center justify-between"
      >
        <span>
          Yes bid/ask
        </span>
        <span
          class="font-mono text-foreground"
        >
          46¢
          /
          54¢
        </span>
      </div>
      <div
        class="flex items-center justify-between"
      >
        <span>
          No bid/ask
        </span>
        <span
          class="font-mono text-foreground"
        >
          46¢
          /
          54¢
        </span>
      </div>
    </div>
    <div
      class="mt-4 space-y-2"
    >
      <label
        class="text-xs uppercase tracking-[0.3em] text-muted-foreground"
      >
        Dollars
      </label>
      <input
        class="file:text-foreground placeholder:text-muted-foreground selection:bg-primary selection:text-primary-foreground dark:bg-input/30 border-input h-9 w-full min-w-0 rounded-md border px-3 py-1 shadow-xs transition-[color,box-shadow] outline-none file:inline-flex file:h-7 file:border-0 file:bg-transparent file:text-sm file:font-medium disabled:pointer-events-none disabled:cursor-not-allowed disabled:opacity-50 md:text-sm focus-visible:border-ring focus-visible:ring-ring/50 focus-visible:ring-[3px] aria-invalid:ring-destructive/20 dark:aria-invalid:ring-destructive/40 aria-invalid:border-destructive bg-black/40 font-mono text-sm"
        data-slot="input"
        inputmode="decimal"
        placeholder="$10"
      />
    </div>
    <button
      class="inline-flex items-center justify-center gap-2 whitespace-nowrap text-sm font-medium transition-all disabled:pointer-events-none disabled:opacity-50 [&_svg]:pointer-events-none [&_svg:not([class*='size-'])]:size-4 shrink-0 [&_svg]:shrink-0 outline-none focus-visible:border-ring focus-visible:ring-ring/50 focus-visible:ring-[3px] aria-invalid:ring-destructive/20 dark:aria-invalid:ring-destructive/40 aria-invalid:border-destructive h-9 px-4 py-2 has-[>svg]:px-3 mt-4 w-full rounded-full bg-emerald-400 text-black hover:bg-emerald-300"
      data-size="default"
      data-slot="button"
      data-variant="default"
      type="button"
    >
      Review order
    </button>
  </div>
</div>
`;
